==326416== Memcheck, a memory error detector
==326416== Copyright (C) 2002-2017, and GNU GPL'd, by Julian Seward et al.
==326416== Using Valgrind-3.18.1 and LibVEX; rerun with -h for copyright info
==326416== Command: ./minishell
==326416== Parent PID: 326319
==326416== 
==326416== 
==326416== HEAP SUMMARY:
==326416==     in use at exit: 214,624 bytes in 356 blocks
==326416==   total heap usage: 1,176 allocs, 820 frees, 256,386 bytes allocated
==326416== 
==326416== LEAK SUMMARY:
==326416==    definitely lost: 0 bytes in 0 blocks
==326416==    indirectly lost: 0 bytes in 0 blocks
==326416==      possibly lost: 0 bytes in 0 blocks
==326416==    still reachable: 0 bytes in 0 blocks
==326416==         suppressed: 214,624 bytes in 356 blocks
==326416== 
==326416== For lists of detected and suppressed errors, rerun with: -s
==326416== ERROR SUMMARY: 0 errors from 0 contexts (suppressed: 4 from 4)
