==225358== Memcheck, a memory error detector
==225358== Copyright (C) 2002-2017, and GNU GPL'd, by Julian Seward et al.
==225358== Using Valgrind-3.18.1 and LibVEX; rerun with -h for copyright info
==225358== Command: ./minishell
==225358== Parent PID: 225307
==225358== 
==225358== 
==225358== HEAP SUMMARY:
==225358==     in use at exit: 214,758 bytes in 354 blocks
==225358==   total heap usage: 1,364 allocs, 1,010 frees, 320,782 bytes allocated
==225358== 
==225358== 5 bytes in 1 blocks are definitely lost in loss record 2 of 75
==225358==    at 0x4848899: malloc (in /usr/libexec/valgrind/vgpreload_memcheck-amd64-linux.so)
==225358==    by 0x497058E: strdup (strdup.c:42)
==225358==    by 0x10C379: ft_get_env (expand.c:70)
==225358==    by 0x10C400: exp_ (expand.c:86)
==225358==    by 0x10C4D3: process_exp_variable (expand.c:99)
==225358==    by 0x10C691: expa_chang (expand.c:137)
==225358==    by 0x10A990: main (minishell.c:605)
==225358== 
==225358== LEAK SUMMARY:
==225358==    definitely lost: 5 bytes in 1 blocks
==225358==    indirectly lost: 0 bytes in 0 blocks
==225358==      possibly lost: 0 bytes in 0 blocks
==225358==    still reachable: 0 bytes in 0 blocks
==225358==         suppressed: 214,753 bytes in 353 blocks
==225358== 
==225358== For lists of detected and suppressed errors, rerun with: -s
==225358== ERROR SUMMARY: 1 errors from 1 contexts (suppressed: 0 from 0)
